
   FAIL  Tests\Feature\EmployeeTest
  Γ£ô unauthenticated userΓÇª 0.70s  
  Γ£ô unauthorized users gΓÇª 0.10s  
  Γ£ô authorized users canΓÇª 0.07s  
  Γ£ô can view create emplΓÇª 0.05s  
  Γ£ô unauthorized users cΓÇª 0.05s  
  Γ£ô can store an employeΓÇª 0.07s  
  Γ£ô can view employee deΓÇª 0.06s  
  Γ£ô can view edit employΓÇª 0.06s  
  Γ£ô can update an employΓÇª 0.06s  
  Γ£ô unauthorized users cΓÇª 0.05s  
  Γ£ô can delete an employΓÇª 0.06s  
  Γ£ô can export employees  0.06s  
  Γ¿» can import employees  0.06s  
  ΓöÇΓöÇΓöÇΓöÇΓöÇΓöÇΓöÇΓöÇΓöÇΓöÇΓöÇΓöÇΓöÇΓöÇΓöÇΓöÇΓöÇΓöÇΓöÇΓöÇΓöÇΓöÇΓöÇΓöÇΓöÇΓöÇΓöÇΓöÇΓöÇ  
   FAILED  Tests\FΓÇª  TypeError   
  Maatwebsite\Excel\Fakes\ExcelFake::assertImported(): Argument #1 ($filePath) must be of type string, App\Imports\EmployeeImport given, called in C:\laragon\www\sistem-manajemen-kepegawaian\vendor\laravel\framework\src\Illuminate\Support\Facades\Facade.php on line 363

  at vendor\maatwebsite\excel\src\Fakes\ExcelFake.php:333
    329Γûò      * @param  string  $filePath
    330Γûò      * @param  string|callable|null  $disk
    331Γûò      * @param  callable|null  $callback
    332Γûò      */
  Γ₧£ 333Γûò     public function assertImported(string $filePath, $disk = null, $callback = null)
    334Γûò     {
    335Γûò         if (is_callable($disk)) {
    336Γûò             $callback = $disk;
    337Γûò             $disk     = null;

  1   vendor\maatwebsite\excel\src\Fakes\ExcelFake.php:333
  2   vendor\laravel\framework\src\Illuminate\Support\Facades\Facade.php:363


  Tests:    1 failed, 12 passed (24 assertions)
  Duration: 1.78s

