﻿
   FAIL  Tests\Feature\OvertimeRequestTest
  Γ£ô unauthenticated userΓÇª 0.60s  
  Γ£ô employees can view tΓÇª 0.08s  
  Γ£ô manager can view allΓÇª 0.05s  
  Γ¿» employee can submitΓÇª  1.82s  
  Γ£ô employee cannot submΓÇª 0.06s  
  Γ¿» manager can create oΓÇª 1.23s  
  Γ£ô employee can view owΓÇª 0.07s  
  Γ£ô employee cannot viewΓÇª 0.06s  
  Γ£ô manager can view anyΓÇª 0.06s  
  Γ£ô manager can update oΓÇª 0.08s  
  Γ£ô employee cannot updaΓÇª 0.06s  
  Γ£ô cannot update statusΓÇª 0.06s  
  ΓöÇΓöÇΓöÇΓöÇΓöÇΓöÇΓöÇΓöÇΓöÇΓöÇΓöÇΓöÇΓöÇΓöÇΓöÇΓöÇΓöÇΓöÇΓöÇΓöÇΓöÇΓöÇΓöÇΓöÇΓöÇΓöÇΓöÇΓöÇΓöÇ  
   FAILED  Tests\Feature\OverΓÇª   
  Expected response status code [201, 301, 302, 303, 307, 308] but received 500.
Failed asserting that false is true.

The following exception occurred during the last request:

Spatie\Permission\Exceptions\RoleDoesNotExist: There is no role named `super-admin` for guard `web`. in C:\laragon\www\sistem-manajemen-kepegawaian\vendor\spatie\laravel-permission\src\Exceptions\RoleDoesNotExist.php:11
Stack trace:
#0 C:\laragon\www\sistem-manajemen-kepegawaian\vendor\spatie\laravel-permission\src\Models\Role.php(117): Spatie\Permission\Exceptions\RoleDoesNotExist::named('super-admin', 'web')
#1 C:\laragon\www\sistem-manajemen-kepegawaian\vendor\spatie\laravel-permission\src\Traits\HasRoles.php(96): Spatie\Permission\Models\Role::findByName('super-admin', 'web')
#2 [internal function]: App\Models\User->Spatie\Permission\Traits\{closure}('super-admin')
#3 C:\laragon\www\sistem-manajemen-kepegawaian\vendor\spatie\laravel-permission\src\Traits\HasRoles.php(87): array_map(Object(Closure), Array)
#4 C:\laragon\www\sistem-manajemen-kepegawaian\vendor\laravel\framework\src\Illuminate\Database\Eloquent\Model.php(1757): App\Models\User->scopeRole(Object(Illuminate\Database\Eloquent\Builder), Array)
#5 C:\laragon\www\sistem-manajemen-kepegawaian\vendor\laravel\framework\src\Illuminate\Database\Eloquent\Builder.php(1621): Illuminate\Database\Eloquent\Model->callNamedScope('role', Array)
#6 C:\laragon\www\sistem-manajemen-kepegawaian\vendor\laravel\framework\src\Illuminate\Database\Eloquent\Builder.php(1602): Illuminate\Database\Eloquent\Builder->Illuminate\Database\Eloquent\{closure}(Object(Illuminate\Database\Eloquent\Builder), Array)
#7 C:\laragon\www\sistem-manajemen-kepegawaian\vendor\laravel\framework\src\Illuminate\Database\Eloquent\Builder.php(1620): Illuminate\Database\Eloquent\Builder->callScope(Object(Closure), Array)
#8 C:\laragon\www\sistem-manajemen-kepegawaian\vendor\laravel\framework\src\Illuminate\Database\Eloquent\Builder.php(2231): Illuminate\Database\Eloquent\Builder->callNamedScope('role', Array)
#9 C:\laragon\www\sistem-manajemen-kepegawaian\vendor\laravel\framework\src\Illuminate\Support\Traits\ForwardsCalls.php(23): Illuminate\Database\Eloquent\Builder->__call('role', Array)
#10 C:\laragon\www\sistem-manajemen-kepegawaian\vendor\laravel\framework\src\Illuminate\Database\Eloquent\Model.php(2540): Illuminate\Database\Eloquent\Model->forwardCallTo(Object(Illuminate\Database\Eloquent\Builder), 'role', Array)
#11 C:\laragon\www\sistem-manajemen-kepegawaian\vendor\laravel\framework\src\Illuminate\Database\Eloquent\Model.php(2556): Illuminate\Database\Eloquent\Model->__call('role', Array)
#12 C:\laragon\www\sistem-manajemen-kepegawaian\app\Http\Controllers\OvertimeRequestController.php(119): Illuminate\Database\Eloquent\Model::__callStatic('role', Array)
#13 C:\laragon\www\sistem-manajemen-kepegawaian\vendor\laravel\framework\src\Illuminate\Routing\ControllerDispatcher.php(46): App\Http\Controllers\OvertimeRequestController->store(Object(App\Http\Requests\StoreOvertimeRequest))
#14 C:\laragon\www\sistem-manajemen-kepegawaian\vendor\laravel\framework\src\Illuminate\Routing\Route.php(265): Illuminate\Routing\ControllerDispatcher->dispatch(Object(Illuminate\Routing\Route), Object(App\Http\Controllers\OvertimeRequestController), 'store')
#15 C:\laragon\www\sistem-manajemen-kepegawaian\vendor\laravel\framework\src\Illuminate\Routing\Route.php(211): Illuminate\Routing\Route->runController()
#16 C:\laragon\www\sistem-manajemen-kepegawaian\vendor\laravel\framework\src\Illuminate\Routing\Router.php(822): Illuminate\Routing\Route->run()
#17 C:\laragon\www\sistem-manajemen-kepegawaian\vendor\laravel\framework\src\Illuminate\Pipeline\Pipeline.php(180): Illuminate\Routing\Router->Illuminate\Routing\{closure}(Object(Illuminate\Http\Request))
#18 C:\laragon\www\sistem-manajemen-kepegawaian\vendor\spatie\laravel-permission\src\Middleware\PermissionMiddleware.php(41): Illuminate\Pipeline\Pipeline->Illuminate\Pipeline\{closure}(Object(Illuminate\Http\Request))
#19 C:\laragon\www\sistem-manajemen-kepegawaian\vendor\laravel\framework\src\Illuminate\Pipeline\Pipeline.php(219): Spatie\Permission\Middleware\PermissionMiddleware->handle(Object(Illuminate\Http\Request), Object(Closure), 'overtime.view')
#20 C:\laragon\www\sistem-manajemen-kepegawaian\vendor\laravel\framework\src\Illuminate\Auth\Middleware\EnsureEmailIsVerified.php(41): Illuminate\Pipeline\Pipeline->Illuminate\Pipeline\{closure}(Object(Illuminate\Http\Request))
#21 C:\laragon\www\sistem-manajemen-kepegawaian\vendor\laravel\framework\src\Illuminate\Pipeline\Pipeline.php(219): Illuminate\Auth\Middleware\EnsureEmailIsVerified->handle(Object(Illuminate\Http\Request), Object(Closure))
#22 C:\laragon\www\sistem-manajemen-kepegawaian\vendor\laravel\framework\src\Illuminate\Http\Middleware\AddLinkHeadersForPreloadedAssets.php(32): Illuminate\Pipeline\Pipeline->Illuminate\Pipeline\{closure}(Object(Illuminate\Http\Request))
#23 C:\laragon\www\sistem-manajemen-kepegawaian\vendor\laravel\framework\src\Illuminate\Pipeline\Pipeline.php(219): Illuminate\Http\Middleware\AddLinkHeadersForPreloadedAssets->handle(Object(Illuminate\Http\Request), Object(Closure))
#24 C:\laragon\www\sistem-manajemen-kepegawaian\vendor\inertiajs\inertia-laravel\src\Middleware.php(122): Illuminate\Pipeline\Pipeline->Illuminate\Pipeline\{closure}(Object(Illuminate\Http\Request))
#25 C:\laragon\www\sistem-manajemen-kepegawaian\vendor\laravel\framework\src\Illuminate\Pipeline\Pipeline.php(219): Inertia\Middleware->handle(Object(Illuminate\Http\Request), Object(Closure))
#26 C:\laragon\www\sistem-manajemen-kepegawaian\app\Http\Middleware\HandleAppearance.php(21): Illuminate\Pipeline\Pipeline->Illuminate\Pipeline\{closure}(Object(Illuminate\Http\Request))
#27 C:\laragon\www\sistem-manajemen-kepegawaian\vendor\laravel\framework\src\Illuminate\Pipeline\Pipeline.php(219): App\Http\Middleware\HandleAppearance->handle(Object(Illuminate\Http\Request), Object(Closure))
#28 C:\laragon\www\sistem-manajemen-kepegawaian\vendor\laravel\framework\src\Illuminate\Routing\Middleware\SubstituteBindings.php(50): Illuminate\Pipeline\Pipeline->Illuminate\Pipeline\{closure}(Object(Illuminate\Http\Request))
#29 C:\laragon\www\sistem-manajemen-kepegawaian\vendor\laravel\framework\src\Illuminate\Pipeline\Pipeline.php(219): Illuminate\Routing\Middleware\SubstituteBindings->handle(Object(Illuminate\Http\Request), Object(Closure))
#30 C:\laragon\www\sistem-manajemen-kepegawaian\vendor\laravel\framework\src\Illuminate\Auth\Middleware\Authenticate.php(63): Illuminate\Pipeline\Pipeline->Illuminate\Pipeline\{closure}(Object(Illuminate\Http\Request))
#31 C:\laragon\www\sistem-manajemen-kepegawaian\vendor\laravel\framework\src\Illuminate\Pipeline\Pipeline.php(219): Illuminate\Auth\Middleware\Authenticate->handle(Object(Illuminate\Http\Request), Object(Closure))
#32 C:\laragon\www\sistem-manajemen-kepegawaian\vendor\laravel\framework\src\Illuminate\Foundation\Http\Middleware\VerifyCsrfToken.php(87): Illuminate\Pipeline\Pipeline->Illuminate\Pipeline\{closure}(Object(Illuminate\Http\Request))
#33 C:\laragon\www\sistem-manajemen-kepegawaian\vendor\laravel\framework\src\Illuminate\Pipeline\Pipeline.php(219): Illuminate\Foundation\Http\Middleware\VerifyCsrfToken->handle(Object(Illuminate\Http\Request), Object(Closure))
#34 C:\laragon\www\sistem-manajemen-kepegawaian\vendor\laravel\framework\src\Illuminate\View\Middleware\ShareErrorsFromSession.php(48): Illuminate\Pipeline\Pipeline->Illuminate\Pipeline\{closure}(Object(Illuminate\Http\Request))
#35 C:\laragon\www\sistem-manajemen-kepegawaian\vendor\laravel\framework\src\Illuminate\Pipeline\Pipeline.php(219): Illuminate\View\Middleware\ShareErrorsFromSession->handle(Object(Illuminate\Http\Request), Object(Closure))
#36 C:\laragon\www\sistem-manajemen-kepegawaian\vendor\laravel\framework\src\Illuminate\Session\Middleware\StartSession.php(120): Illuminate\Pipeline\Pipeline->Illuminate\Pipeline\{closure}(Object(Illuminate\Http\Request))
#37 C:\laragon\www\sistem-manajemen-kepegawaian\vendor\laravel\framework\src\Illuminate\Session\Middleware\StartSession.php(63): Illuminate\Session\Middleware\StartSession->handleStatefulRequest(Object(Illuminate\Http\Request), Object(Illuminate\Session\Store), Object(Closure))
#38 C:\laragon\www\sistem-manajemen-kepegawaian\vendor\laravel\framework\src\Illuminate\Pipeline\Pipeline.php(219): Illuminate\Session\Middleware\StartSession->handle(Object(Illuminate\Http\Request), Object(Closure))
#39 C:\laragon\www\sistem-manajemen-kepegawaian\vendor\laravel\framework\src\Illuminate\Cookie\Middleware\AddQueuedCookiesToResponse.php(36): Illuminate\Pipeline\Pipeline->Illuminate\Pipeline\{closure}(Object(Illuminate\Http\Request))
#40 C:\laragon\www\sistem-manajemen-kepegawaian\vendor\laravel\framework\src\Illuminate\Pipeline\Pipeline.php(219): Illuminate\Cookie\Middleware\AddQueuedCookiesToResponse->handle(Object(Illuminate\Http\Request), Object(Closure))
#41 C:\laragon\www\sistem-manajemen-kepegawaian\vendor\laravel\framework\src\Illuminate\Cookie\Middleware\EncryptCookies.php(74): Illuminate\Pipeline\Pipeline->Illuminate\Pipeline\{closure}(Object(Illuminate\Http\Request))
#42 C:\laragon\www\sistem-manajemen-kepegawaian\vendor\laravel\framework\src\Illuminate\Pipeline\Pipeline.php(219): Illuminate\Cookie\Middleware\EncryptCookies->handle(Object(Illuminate\Http\Request), Object(Closure))
#43 C:\laragon\www\sistem-manajemen-kepegawaian\vendor\laravel\framework\src\Illuminate\Pipeline\Pipeline.php(137): Illuminate\Pipeline\Pipeline->Illuminate\Pipeline\{closure}(Object(Illuminate\Http\Request))
#44 C:\laragon\www\sistem-manajemen-kepegawaian\vendor\laravel\framework\src\Illuminate\Routing\Router.php(821): Illuminate\Pipeline\Pipeline->then(Object(Closure))
#45 C:\laragon\www\sistem-manajemen-kepegawaian\vendor\laravel\framework\src\Illuminate\Routing\Router.php(800): Illuminate\Routing\Router->runRouteWithinStack(Object(Illuminate\Routing\Route), Object(Illuminate\Http\Request))
#46 C:\laragon\www\sistem-manajemen-kepegawaian\vendor\laravel\framework\src\Illuminate\Routing\Router.php(764): Illuminate\Routing\Router->runRoute(Object(Illuminate\Http\Request), Object(Illuminate\Routing\Route))
#47 C:\laragon\www\sistem-manajemen-kepegawaian\vendor\laravel\framework\src\Illuminate\Routing\Router.php(753): Illuminate\Routing\Router->dispatchToRoute(Object(Illuminate\Http\Request))
#48 C:\laragon\www\sistem-manajemen-kepegawaian\vendor\laravel\framework\src\Illuminate\Foundation\Http\Kernel.php(200): Illuminate\Routing\Router->dispatch(Object(Illuminate\Http\Request))
#49 C:\laragon\www\sistem-manajemen-kepegawaian\vendor\laravel\framework\src\Illuminate\Pipeline\Pipeline.php(180): Illuminate\Foundation\Http\Kernel->Illuminate\Foundation\Http\{closure}(Object(Illuminate\Http\Request))
#50 C:\laragon\www\sistem-manajemen-kepegawaian\vendor\laravel\framework\src\Illuminate\Foundation\Http\Middleware\TransformsRequest.php(21): Illuminate\Pipeline\Pipeline->Illuminate\Pipeline\{closure}(Object(Illuminate\Http\Request))
#51 C:\laragon\www\sistem-manajemen-kepegawaian\vendor\laravel\framework\src\Illuminate\Foundation\Http\Middleware\ConvertEmptyStringsToNull.php(31): Illuminate\Foundation\Http\Middleware\TransformsRequest->handle(Object(Illuminate\Http\Request), Object(Closure))
#52 C:\laragon\www\sistem-manajemen-kepegawaian\vendor\laravel\framework\src\Illuminate\Pipeline\Pipeline.php(219): Illuminate\Foundation\Http\Middleware\ConvertEmptyStringsToNull->handle(Object(Illuminate\Http\Request), Object(Closure))
#53 C:\laragon\www\sistem-manajemen-kepegawaian\vendor\laravel\framework\src\Illuminate\Foundation\Http\Middleware\TransformsRequest.php(21): Illuminate\Pipeline\Pipeline->Illuminate\Pipeline\{closure}(Object(Illuminate\Http\Request))
#54 C:\laragon\www\sistem-manajemen-kepegawaian\vendor\laravel\framework\src\Illuminate\Foundation\Http\Middleware\TrimStrings.php(51): Illuminate\Foundation\Http\Middleware\TransformsRequest->handle(Object(Illuminate\Http\Request), Object(Closure))
#55 C:\laragon\www\sistem-manajemen-kepegawaian\vendor\laravel\framework\src\Illuminate\Pipeline\Pipeline.php(219): Illuminate\Foundation\Http\Middleware\TrimStrings->handle(Object(Illuminate\Http\Request), Object(Closure))
#56 C:\laragon\www\sistem-manajemen-kepegawaian\vendor\laravel\framework\src\Illuminate\Http\Middleware\ValidatePostSize.php(27): Illuminate\Pipeline\Pipeline->Illuminate\Pipeline\{closure}(Object(Illuminate\Http\Request))
#57 C:\laragon\www\sistem-manajemen-kepegawaian\vendor\laravel\framework\src\Illuminate\Pipeline\Pipeline.php(219): Illuminate\Http\Middleware\ValidatePostSize->handle(Object(Illuminate\Http\Request), Object(Closure))
#58 C:\laragon\www\sistem-manajemen-kepegawaian\vendor\laravel\framework\src\Illuminate\Foundation\Http\Middleware\PreventRequestsDuringMaintenance.php(109): Illuminate\Pipeline\Pipeline->Illuminate\Pipeline\{closure}(Object(Illuminate\Http\Request))
#59 C:\laragon\www\sistem-manajemen-kepegawaian\vendor\laravel\framework\src\Illuminate\Pipeline\Pipeline.php(219): Illuminate\Foundation\Http\Middleware\PreventRequestsDuringMaintenance->handle(Object(Illuminate\Http\Request), Object(Closure))
#60 C:\laragon\www\sistem-manajemen-kepegawaian\vendor\laravel\framework\src\Illuminate\Http\Middleware\HandleCors.php(61): Illuminate\Pipeline\Pipeline->Illuminate\Pipeline\{closure}(Object(Illuminate\Http\Request))
#61 C:\laragon\www\sistem-manajemen-kepegawaian\vendor\laravel\framework\src\Illuminate\Pipeline\Pipeline.php(219): Illuminate\Http\Middleware\HandleCors->handle(Object(Illuminate\Http\Request), Object(Closure))
#62 C:\laragon\www\sistem-manajemen-kepegawaian\vendor\laravel\framework\src\Illuminate\Http\Middleware\TrustProxies.php(58): Illuminate\Pipeline\Pipeline->Illuminate\Pipeline\{closure}(Object(Illuminate\Http\Request))
#63 C:\laragon\www\sistem-manajemen-kepegawaian\vendor\laravel\framework\src\Illuminate\Pipeline\Pipeline.php(219): Illuminate\Http\Middleware\TrustProxies->handle(Object(Illuminate\Http\Request), Object(Closure))
#64 C:\laragon\www\sistem-manajemen-kepegawaian\vendor\laravel\framework\src\Illuminate\Foundation\Http\Middleware\InvokeDeferredCallbacks.php(22): Illuminate\Pipeline\Pipeline->Illuminate\Pipeline\{closure}(Object(Illuminate\Http\Request))
#65 C:\laragon\www\sistem-manajemen-kepegawaian\vendor\laravel\framework\src\Illuminate\Pipeline\Pipeline.php(219): Illuminate\Foundation\Http\Middleware\InvokeDeferredCallbacks->handle(Object(Illuminate\Http\Request), Object(Closure))
#66 C:\laragon\www\sistem-manajemen-kepegawaian\vendor\laravel\framework\src\Illuminate\Http\Middleware\ValidatePathEncoding.php(26): Illuminate\Pipeline\Pipeline->Illuminate\Pipeline\{closure}(Object(Illuminate\Http\Request))
#67 C:\laragon\www\sistem-manajemen-kepegawaian\vendor\laravel\framework\src\Illuminate\Pipeline\Pipeline.php(219): Illuminate\Http\Middleware\ValidatePathEncoding->handle(Object(Illuminate\Http\Request), Object(Closure))
#68 C:\laragon\www\sistem-manajemen-kepegawaian\vendor\laravel\framework\src\Illuminate\Pipeline\Pipeline.php(137): Illuminate\Pipeline\Pipeline->Illuminate\Pipeline\{closure}(Object(Illuminate\Http\Request))
#69 C:\laragon\www\sistem-manajemen-kepegawaian\vendor\laravel\framework\src\Illuminate\Foundation\Http\Kernel.php(175): Illuminate\Pipeline\Pipeline->then(Object(Closure))
#70 C:\laragon\www\sistem-manajemen-kepegawaian\vendor\laravel\framework\src\Illuminate\Foundation\Http\Kernel.php(144): Illuminate\Foundation\Http\Kernel->sendRequestThroughRouter(Object(Illuminate\Http\Request))
#71 C:\laragon\www\sistem-manajemen-kepegawaian\vendor\laravel\framework\src\Illuminate\Foundation\Testing\Concerns\MakesHttpRequests.php(607): Illuminate\Foundation\Http\Kernel->handle(Object(Illuminate\Http\Request))
#72 C:\laragon\www\sistem-manajemen-kepegawaian\vendor\laravel\framework\src\Illuminate\Foundation\Testing\Concerns\MakesHttpRequests.php(397): Illuminate\Foundation\Testing\TestCase->call('POST', 'http://localhos...', Array, Array, Array, Array)
#73 C:\laragon\www\sistem-manajemen-kepegawaian\tests\Feature\OvertimeRequestTest.php(89): Illuminate\Foundation\Testing\TestCase->post('http://localhos...', Array)
#74 C:\laragon\www\sistem-manajemen-kepegawaian\vendor\pestphp\pest\src\Factories\TestCaseMethodFactory.php(168): P\Tests\Feature\OvertimeRequestTest->{closure}()
#75 [internal function]: P\Tests\Feature\OvertimeRequestTest->Pest\Factories\{closure}()
#76 C:\laragon\www\sistem-manajemen-kepegawaian\vendor\pestphp\pest\src\Concerns\Testable.php(429): call_user_func_array(Object(Closure), Array)
#77 C:\laragon\www\sistem-manajemen-kepegawaian\vendor\pestphp\pest\src\Support\ExceptionTrace.php(26): P\Tests\Feature\OvertimeRequestTest->Pest\Concerns\{closure}()
#78 C:\laragon\www\sistem-manajemen-kepegawaian\vendor\pestphp\pest\src\Concerns\Testable.php(429): Pest\Support\ExceptionTrace::ensure(Object(Closure))
#79 C:\laragon\www\sistem-manajemen-kepegawaian\vendor\pestphp\pest\src\Concerns\Testable.php(331): P\Tests\Feature\OvertimeRequestTest->__callClosure(Object(Closure), Array)
#80 C:\laragon\www\sistem-manajemen-kepegawaian\vendor\pestphp\pest\src\Factories\TestCaseFactory.php(169) : eval()'d code(44): P\Tests\Feature\OvertimeRequestTest->__runTest(Object(Closure))
#81 C:\laragon\www\sistem-manajemen-kepegawaian\vendor\phpunit\phpunit\src\Framework\TestCase.php(1332): P\Tests\Feature\OvertimeRequestTest->__pest_evaluable_employee_can_submit_own_overtime_request()
#82 C:\laragon\www\sistem-manajemen-kepegawaian\vendor\phpunit\phpunit\src\Framework\TestCase.php(519): PHPUnit\Framework\TestCase->runTest()
#83 C:\laragon\www\sistem-manajemen-kepegawaian\vendor\phpunit\phpunit\src\Framework\TestRunner\TestRunner.php(99): PHPUnit\Framework\TestCase->runBare()
#84 C:\laragon\www\sistem-manajemen-kepegawaian\vendor\phpunit\phpunit\src\Framework\TestCase.php(359): PHPUnit\Framework\TestRunner->run(Object(P\Tests\Feature\OvertimeRequestTest))
#85 C:\laragon\www\sistem-manajemen-kepegawaian\vendor\phpunit\phpunit\src\Framework\TestSuite.php(374): PHPUnit\Framework\TestCase->run()
#86 C:\laragon\www\sistem-manajemen-kepegawaian\vendor\phpunit\phpunit\src\Framework\TestSuite.php(374): PHPUnit\Framework\TestSuite->run()
#87 C:\laragon\www\sistem-manajemen-kepegawaian\vendor\phpunit\phpunit\src\Framework\TestSuite.php(374): PHPUnit\Framework\TestSuite->run()
#88 C:\laragon\www\sistem-manajemen-kepegawaian\vendor\phpunit\phpunit\src\TextUI\TestRunner.php(64): PHPUnit\Framework\TestSuite->run()
#89 C:\laragon\www\sistem-manajemen-kepegawaian\vendor\phpunit\phpunit\src\TextUI\Application.php(229): PHPUnit\TextUI\TestRunner->run(Object(PHPUnit\TextUI\Configuration\Configuration), Object(PHPUnit\Runner\ResultCache\DefaultResultCache), Object(PHPUnit\Framework\TestSuite))
#90 C:\laragon\www\sistem-manajemen-kepegawaian\vendor\pestphp\pest\src\Kernel.php(103): PHPUnit\TextUI\Application->run(Array)
#91 C:\laragon\www\sistem-manajemen-kepegawaian\vendor\pestphp\pest\bin\pest(184): Pest\Kernel->handle(Array, Array)
#92 C:\laragon\www\sistem-manajemen-kepegawaian\vendor\pestphp\pest\bin\pest(192): {closure}()
#93 {main}

----------------------------------------------------------------------------------

There is no role named `super-admin` for guard `web`.

  at tests\Feature\OvertimeRequestTest.php:96
     92Γûò         'end_time' => '20:00',
     93Γûò         'description' => 'Fixing bug XYZ',
     94Γûò     ]);
     95Γûò 
  Γ₧£  96Γûò     $response->assertRedirect(route('overtime-requests.index'));
     97Γûò     $response->assertSessionHas('success');
     98Γûò 
     99Γûò     $this->assertDatabaseHas('overtime_requests', [
    100Γûò         'employee_id' => $this->employee->id,

  ΓöÇΓöÇΓöÇΓöÇΓöÇΓöÇΓöÇΓöÇΓöÇΓöÇΓöÇΓöÇΓöÇΓöÇΓöÇΓöÇΓöÇΓöÇΓöÇΓöÇΓöÇΓöÇΓöÇΓöÇΓöÇΓöÇΓöÇΓöÇΓöÇ  
   FAILED  Tests\Feature\OverΓÇª   
  Expected response status code [201, 301, 302, 303, 307, 308] but received 500.
Failed asserting that false is true.

The following exception occurred during the last request:

Spatie\Permission\Exceptions\RoleDoesNotExist: There is no role named `super-admin` for guard `web`. in C:\laragon\www\sistem-manajemen-kepegawaian\vendor\spatie\laravel-permission\src\Exceptions\RoleDoesNotExist.php:11
Stack trace:
#0 C:\laragon\www\sistem-manajemen-kepegawaian\vendor\spatie\laravel-permission\src\Models\Role.php(117): Spatie\Permission\Exceptions\RoleDoesNotExist::named('super-admin', 'web')
#1 C:\laragon\www\sistem-manajemen-kepegawaian\vendor\spatie\laravel-permission\src\Traits\HasRoles.php(96): Spatie\Permission\Models\Role::findByName('super-admin', 'web')
#2 [internal function]: App\Models\User->Spatie\Permission\Traits\{closure}('super-admin')
#3 C:\laragon\www\sistem-manajemen-kepegawaian\vendor\spatie\laravel-permission\src\Traits\HasRoles.php(87): array_map(Object(Closure), Array)
#4 C:\laragon\www\sistem-manajemen-kepegawaian\vendor\laravel\framework\src\Illuminate\Database\Eloquent\Model.php(1757): App\Models\User->scopeRole(Object(Illuminate\Database\Eloquent\Builder), Array)
#5 C:\laragon\www\sistem-manajemen-kepegawaian\vendor\laravel\framework\src\Illuminate\Database\Eloquent\Builder.php(1621): Illuminate\Database\Eloquent\Model->callNamedScope('role', Array)
#6 C:\laragon\www\sistem-manajemen-kepegawaian\vendor\laravel\framework\src\Illuminate\Database\Eloquent\Builder.php(1602): Illuminate\Database\Eloquent\Builder->Illuminate\Database\Eloquent\{closure}(Object(Illuminate\Database\Eloquent\Builder), Array)
#7 C:\laragon\www\sistem-manajemen-kepegawaian\vendor\laravel\framework\src\Illuminate\Database\Eloquent\Builder.php(1620): Illuminate\Database\Eloquent\Builder->callScope(Object(Closure), Array)
#8 C:\laragon\www\sistem-manajemen-kepegawaian\vendor\laravel\framework\src\Illuminate\Database\Eloquent\Builder.php(2231): Illuminate\Database\Eloquent\Builder->callNamedScope('role', Array)
#9 C:\laragon\www\sistem-manajemen-kepegawaian\vendor\laravel\framework\src\Illuminate\Support\Traits\ForwardsCalls.php(23): Illuminate\Database\Eloquent\Builder->__call('role', Array)
#10 C:\laragon\www\sistem-manajemen-kepegawaian\vendor\laravel\framework\src\Illuminate\Database\Eloquent\Model.php(2540): Illuminate\Database\Eloquent\Model->forwardCallTo(Object(Illuminate\Database\Eloquent\Builder), 'role', Array)
#11 C:\laragon\www\sistem-manajemen-kepegawaian\vendor\laravel\framework\src\Illuminate\Database\Eloquent\Model.php(2556): Illuminate\Database\Eloquent\Model->__call('role', Array)
#12 C:\laragon\www\sistem-manajemen-kepegawaian\app\Http\Controllers\OvertimeRequestController.php(119): Illuminate\Database\Eloquent\Model::__callStatic('role', Array)
#13 C:\laragon\www\sistem-manajemen-kepegawaian\vendor\laravel\framework\src\Illuminate\Routing\ControllerDispatcher.php(46): App\Http\Controllers\OvertimeRequestController->store(Object(App\Http\Requests\StoreOvertimeRequest))
#14 C:\laragon\www\sistem-manajemen-kepegawaian\vendor\laravel\framework\src\Illuminate\Routing\Route.php(265): Illuminate\Routing\ControllerDispatcher->dispatch(Object(Illuminate\Routing\Route), Object(App\Http\Controllers\OvertimeRequestController), 'store')
#15 C:\laragon\www\sistem-manajemen-kepegawaian\vendor\laravel\framework\src\Illuminate\Routing\Route.php(211): Illuminate\Routing\Route->runController()
#16 C:\laragon\www\sistem-manajemen-kepegawaian\vendor\laravel\framework\src\Illuminate\Routing\Router.php(822): Illuminate\Routing\Route->run()
#17 C:\laragon\www\sistem-manajemen-kepegawaian\vendor\laravel\framework\src\Illuminate\Pipeline\Pipeline.php(180): Illuminate\Routing\Router->Illuminate\Routing\{closure}(Object(Illuminate\Http\Request))
#18 C:\laragon\www\sistem-manajemen-kepegawaian\vendor\spatie\laravel-permission\src\Middleware\PermissionMiddleware.php(41): Illuminate\Pipeline\Pipeline->Illuminate\Pipeline\{closure}(Object(Illuminate\Http\Request))
#19 C:\laragon\www\sistem-manajemen-kepegawaian\vendor\laravel\framework\src\Illuminate\Pipeline\Pipeline.php(219): Spatie\Permission\Middleware\PermissionMiddleware->handle(Object(Illuminate\Http\Request), Object(Closure), 'overtime.view')
#20 C:\laragon\www\sistem-manajemen-kepegawaian\vendor\laravel\framework\src\Illuminate\Auth\Middleware\EnsureEmailIsVerified.php(41): Illuminate\Pipeline\Pipeline->Illuminate\Pipeline\{closure}(Object(Illuminate\Http\Request))
#21 C:\laragon\www\sistem-manajemen-kepegawaian\vendor\laravel\framework\src\Illuminate\Pipeline\Pipeline.php(219): Illuminate\Auth\Middleware\EnsureEmailIsVerified->handle(Object(Illuminate\Http\Request), Object(Closure))
#22 C:\laragon\www\sistem-manajemen-kepegawaian\vendor\laravel\framework\src\Illuminate\Http\Middleware\AddLinkHeadersForPreloadedAssets.php(32): Illuminate\Pipeline\Pipeline->Illuminate\Pipeline\{closure}(Object(Illuminate\Http\Request))
#23 C:\laragon\www\sistem-manajemen-kepegawaian\vendor\laravel\framework\src\Illuminate\Pipeline\Pipeline.php(219): Illuminate\Http\Middleware\AddLinkHeadersForPreloadedAssets->handle(Object(Illuminate\Http\Request), Object(Closure))
#24 C:\laragon\www\sistem-manajemen-kepegawaian\vendor\inertiajs\inertia-laravel\src\Middleware.php(122): Illuminate\Pipeline\Pipeline->Illuminate\Pipeline\{closure}(Object(Illuminate\Http\Request))
#25 C:\laragon\www\sistem-manajemen-kepegawaian\vendor\laravel\framework\src\Illuminate\Pipeline\Pipeline.php(219): Inertia\Middleware->handle(Object(Illuminate\Http\Request), Object(Closure))
#26 C:\laragon\www\sistem-manajemen-kepegawaian\app\Http\Middleware\HandleAppearance.php(21): Illuminate\Pipeline\Pipeline->Illuminate\Pipeline\{closure}(Object(Illuminate\Http\Request))
#27 C:\laragon\www\sistem-manajemen-kepegawaian\vendor\laravel\framework\src\Illuminate\Pipeline\Pipeline.php(219): App\Http\Middleware\HandleAppearance->handle(Object(Illuminate\Http\Request), Object(Closure))
#28 C:\laragon\www\sistem-manajemen-kepegawaian\vendor\laravel\framework\src\Illuminate\Routing\Middleware\SubstituteBindings.php(50): Illuminate\Pipeline\Pipeline->Illuminate\Pipeline\{closure}(Object(Illuminate\Http\Request))
#29 C:\laragon\www\sistem-manajemen-kepegawaian\vendor\laravel\framework\src\Illuminate\Pipeline\Pipeline.php(219): Illuminate\Routing\Middleware\SubstituteBindings->handle(Object(Illuminate\Http\Request), Object(Closure))
#30 C:\laragon\www\sistem-manajemen-kepegawaian\vendor\laravel\framework\src\Illuminate\Auth\Middleware\Authenticate.php(63): Illuminate\Pipeline\Pipeline->Illuminate\Pipeline\{closure}(Object(Illuminate\Http\Request))
#31 C:\laragon\www\sistem-manajemen-kepegawaian\vendor\laravel\framework\src\Illuminate\Pipeline\Pipeline.php(219): Illuminate\Auth\Middleware\Authenticate->handle(Object(Illuminate\Http\Request), Object(Closure))
#32 C:\laragon\www\sistem-manajemen-kepegawaian\vendor\laravel\framework\src\Illuminate\Foundation\Http\Middleware\VerifyCsrfToken.php(87): Illuminate\Pipeline\Pipeline->Illuminate\Pipeline\{closure}(Object(Illuminate\Http\Request))
#33 C:\laragon\www\sistem-manajemen-kepegawaian\vendor\laravel\framework\src\Illuminate\Pipeline\Pipeline.php(219): Illuminate\Foundation\Http\Middleware\VerifyCsrfToken->handle(Object(Illuminate\Http\Request), Object(Closure))
#34 C:\laragon\www\sistem-manajemen-kepegawaian\vendor\laravel\framework\src\Illuminate\View\Middleware\ShareErrorsFromSession.php(48): Illuminate\Pipeline\Pipeline->Illuminate\Pipeline\{closure}(Object(Illuminate\Http\Request))
#35 C:\laragon\www\sistem-manajemen-kepegawaian\vendor\laravel\framework\src\Illuminate\Pipeline\Pipeline.php(219): Illuminate\View\Middleware\ShareErrorsFromSession->handle(Object(Illuminate\Http\Request), Object(Closure))
#36 C:\laragon\www\sistem-manajemen-kepegawaian\vendor\laravel\framework\src\Illuminate\Session\Middleware\StartSession.php(120): Illuminate\Pipeline\Pipeline->Illuminate\Pipeline\{closure}(Object(Illuminate\Http\Request))
#37 C:\laragon\www\sistem-manajemen-kepegawaian\vendor\laravel\framework\src\Illuminate\Session\Middleware\StartSession.php(63): Illuminate\Session\Middleware\StartSession->handleStatefulRequest(Object(Illuminate\Http\Request), Object(Illuminate\Session\Store), Object(Closure))
#38 C:\laragon\www\sistem-manajemen-kepegawaian\vendor\laravel\framework\src\Illuminate\Pipeline\Pipeline.php(219): Illuminate\Session\Middleware\StartSession->handle(Object(Illuminate\Http\Request), Object(Closure))
#39 C:\laragon\www\sistem-manajemen-kepegawaian\vendor\laravel\framework\src\Illuminate\Cookie\Middleware\AddQueuedCookiesToResponse.php(36): Illuminate\Pipeline\Pipeline->Illuminate\Pipeline\{closure}(Object(Illuminate\Http\Request))
#40 C:\laragon\www\sistem-manajemen-kepegawaian\vendor\laravel\framework\src\Illuminate\Pipeline\Pipeline.php(219): Illuminate\Cookie\Middleware\AddQueuedCookiesToResponse->handle(Object(Illuminate\Http\Request), Object(Closure))
#41 C:\laragon\www\sistem-manajemen-kepegawaian\vendor\laravel\framework\src\Illuminate\Cookie\Middleware\EncryptCookies.php(74): Illuminate\Pipeline\Pipeline->Illuminate\Pipeline\{closure}(Object(Illuminate\Http\Request))
#42 C:\laragon\www\sistem-manajemen-kepegawaian\vendor\laravel\framework\src\Illuminate\Pipeline\Pipeline.php(219): Illuminate\Cookie\Middleware\EncryptCookies->handle(Object(Illuminate\Http\Request), Object(Closure))
#43 C:\laragon\www\sistem-manajemen-kepegawaian\vendor\laravel\framework\src\Illuminate\Pipeline\Pipeline.php(137): Illuminate\Pipeline\Pipeline->Illuminate\Pipeline\{closure}(Object(Illuminate\Http\Request))
#44 C:\laragon\www\sistem-manajemen-kepegawaian\vendor\laravel\framework\src\Illuminate\Routing\Router.php(821): Illuminate\Pipeline\Pipeline->then(Object(Closure))
#45 C:\laragon\www\sistem-manajemen-kepegawaian\vendor\laravel\framework\src\Illuminate\Routing\Router.php(800): Illuminate\Routing\Router->runRouteWithinStack(Object(Illuminate\Routing\Route), Object(Illuminate\Http\Request))
#46 C:\laragon\www\sistem-manajemen-kepegawaian\vendor\laravel\framework\src\Illuminate\Routing\Router.php(764): Illuminate\Routing\Router->runRoute(Object(Illuminate\Http\Request), Object(Illuminate\Routing\Route))
#47 C:\laragon\www\sistem-manajemen-kepegawaian\vendor\laravel\framework\src\Illuminate\Routing\Router.php(753): Illuminate\Routing\Router->dispatchToRoute(Object(Illuminate\Http\Request))
#48 C:\laragon\www\sistem-manajemen-kepegawaian\vendor\laravel\framework\src\Illuminate\Foundation\Http\Kernel.php(200): Illuminate\Routing\Router->dispatch(Object(Illuminate\Http\Request))
#49 C:\laragon\www\sistem-manajemen-kepegawaian\vendor\laravel\framework\src\Illuminate\Pipeline\Pipeline.php(180): Illuminate\Foundation\Http\Kernel->Illuminate\Foundation\Http\{closure}(Object(Illuminate\Http\Request))
#50 C:\laragon\www\sistem-manajemen-kepegawaian\vendor\laravel\framework\src\Illuminate\Foundation\Http\Middleware\TransformsRequest.php(21): Illuminate\Pipeline\Pipeline->Illuminate\Pipeline\{closure}(Object(Illuminate\Http\Request))
#51 C:\laragon\www\sistem-manajemen-kepegawaian\vendor\laravel\framework\src\Illuminate\Foundation\Http\Middleware\ConvertEmptyStringsToNull.php(31): Illuminate\Foundation\Http\Middleware\TransformsRequest->handle(Object(Illuminate\Http\Request), Object(Closure))
#52 C:\laragon\www\sistem-manajemen-kepegawaian\vendor\laravel\framework\src\Illuminate\Pipeline\Pipeline.php(219): Illuminate\Foundation\Http\Middleware\ConvertEmptyStringsToNull->handle(Object(Illuminate\Http\Request), Object(Closure))
#53 C:\laragon\www\sistem-manajemen-kepegawaian\vendor\laravel\framework\src\Illuminate\Foundation\Http\Middleware\TransformsRequest.php(21): Illuminate\Pipeline\Pipeline->Illuminate\Pipeline\{closure}(Object(Illuminate\Http\Request))
#54 C:\laragon\www\sistem-manajemen-kepegawaian\vendor\laravel\framework\src\Illuminate\Foundation\Http\Middleware\TrimStrings.php(51): Illuminate\Foundation\Http\Middleware\TransformsRequest->handle(Object(Illuminate\Http\Request), Object(Closure))
#55 C:\laragon\www\sistem-manajemen-kepegawaian\vendor\laravel\framework\src\Illuminate\Pipeline\Pipeline.php(219): Illuminate\Foundation\Http\Middleware\TrimStrings->handle(Object(Illuminate\Http\Request), Object(Closure))
#56 C:\laragon\www\sistem-manajemen-kepegawaian\vendor\laravel\framework\src\Illuminate\Http\Middleware\ValidatePostSize.php(27): Illuminate\Pipeline\Pipeline->Illuminate\Pipeline\{closure}(Object(Illuminate\Http\Request))
#57 C:\laragon\www\sistem-manajemen-kepegawaian\vendor\laravel\framework\src\Illuminate\Pipeline\Pipeline.php(219): Illuminate\Http\Middleware\ValidatePostSize->handle(Object(Illuminate\Http\Request), Object(Closure))
#58 C:\laragon\www\sistem-manajemen-kepegawaian\vendor\laravel\framework\src\Illuminate\Foundation\Http\Middleware\PreventRequestsDuringMaintenance.php(109): Illuminate\Pipeline\Pipeline->Illuminate\Pipeline\{closure}(Object(Illuminate\Http\Request))
#59 C:\laragon\www\sistem-manajemen-kepegawaian\vendor\laravel\framework\src\Illuminate\Pipeline\Pipeline.php(219): Illuminate\Foundation\Http\Middleware\PreventRequestsDuringMaintenance->handle(Object(Illuminate\Http\Request), Object(Closure))
#60 C:\laragon\www\sistem-manajemen-kepegawaian\vendor\laravel\framework\src\Illuminate\Http\Middleware\HandleCors.php(61): Illuminate\Pipeline\Pipeline->Illuminate\Pipeline\{closure}(Object(Illuminate\Http\Request))
#61 C:\laragon\www\sistem-manajemen-kepegawaian\vendor\laravel\framework\src\Illuminate\Pipeline\Pipeline.php(219): Illuminate\Http\Middleware\HandleCors->handle(Object(Illuminate\Http\Request), Object(Closure))
#62 C:\laragon\www\sistem-manajemen-kepegawaian\vendor\laravel\framework\src\Illuminate\Http\Middleware\TrustProxies.php(58): Illuminate\Pipeline\Pipeline->Illuminate\Pipeline\{closure}(Object(Illuminate\Http\Request))
#63 C:\laragon\www\sistem-manajemen-kepegawaian\vendor\laravel\framework\src\Illuminate\Pipeline\Pipeline.php(219): Illuminate\Http\Middleware\TrustProxies->handle(Object(Illuminate\Http\Request), Object(Closure))
#64 C:\laragon\www\sistem-manajemen-kepegawaian\vendor\laravel\framework\src\Illuminate\Foundation\Http\Middleware\InvokeDeferredCallbacks.php(22): Illuminate\Pipeline\Pipeline->Illuminate\Pipeline\{closure}(Object(Illuminate\Http\Request))
#65 C:\laragon\www\sistem-manajemen-kepegawaian\vendor\laravel\framework\src\Illuminate\Pipeline\Pipeline.php(219): Illuminate\Foundation\Http\Middleware\InvokeDeferredCallbacks->handle(Object(Illuminate\Http\Request), Object(Closure))
#66 C:\laragon\www\sistem-manajemen-kepegawaian\vendor\laravel\framework\src\Illuminate\Http\Middleware\ValidatePathEncoding.php(26): Illuminate\Pipeline\Pipeline->Illuminate\Pipeline\{closure}(Object(Illuminate\Http\Request))
#67 C:\laragon\www\sistem-manajemen-kepegawaian\vendor\laravel\framework\src\Illuminate\Pipeline\Pipeline.php(219): Illuminate\Http\Middleware\ValidatePathEncoding->handle(Object(Illuminate\Http\Request), Object(Closure))
#68 C:\laragon\www\sistem-manajemen-kepegawaian\vendor\laravel\framework\src\Illuminate\Pipeline\Pipeline.php(137): Illuminate\Pipeline\Pipeline->Illuminate\Pipeline\{closure}(Object(Illuminate\Http\Request))
#69 C:\laragon\www\sistem-manajemen-kepegawaian\vendor\laravel\framework\src\Illuminate\Foundation\Http\Kernel.php(175): Illuminate\Pipeline\Pipeline->then(Object(Closure))
#70 C:\laragon\www\sistem-manajemen-kepegawaian\vendor\laravel\framework\src\Illuminate\Foundation\Http\Kernel.php(144): Illuminate\Foundation\Http\Kernel->sendRequestThroughRouter(Object(Illuminate\Http\Request))
#71 C:\laragon\www\sistem-manajemen-kepegawaian\vendor\laravel\framework\src\Illuminate\Foundation\Testing\Concerns\MakesHttpRequests.php(607): Illuminate\Foundation\Http\Kernel->handle(Object(Illuminate\Http\Request))
#72 C:\laragon\www\sistem-manajemen-kepegawaian\vendor\laravel\framework\src\Illuminate\Foundation\Testing\Concerns\MakesHttpRequests.php(397): Illuminate\Foundation\Testing\TestCase->call('POST', 'http://localhos...', Array, Array, Array, Array)
#73 C:\laragon\www\sistem-manajemen-kepegawaian\tests\Feature\OvertimeRequestTest.php(130): Illuminate\Foundation\Testing\TestCase->post('http://localhos...', Array)
#74 C:\laragon\www\sistem-manajemen-kepegawaian\vendor\pestphp\pest\src\Factories\TestCaseMethodFactory.php(168): P\Tests\Feature\OvertimeRequestTest->{closure}()
#75 [internal function]: P\Tests\Feature\OvertimeRequestTest->Pest\Factories\{closure}()
#76 C:\laragon\www\sistem-manajemen-kepegawaian\vendor\pestphp\pest\src\Concerns\Testable.php(429): call_user_func_array(Object(Closure), Array)
#77 C:\laragon\www\sistem-manajemen-kepegawaian\vendor\pestphp\pest\src\Support\ExceptionTrace.php(26): P\Tests\Feature\OvertimeRequestTest->Pest\Concerns\{closure}()
#78 C:\laragon\www\sistem-manajemen-kepegawaian\vendor\pestphp\pest\src\Concerns\Testable.php(429): Pest\Support\ExceptionTrace::ensure(Object(Closure))
#79 C:\laragon\www\sistem-manajemen-kepegawaian\vendor\pestphp\pest\src\Concerns\Testable.php(331): P\Tests\Feature\OvertimeRequestTest->__callClosure(Object(Closure), Array)
#80 C:\laragon\www\sistem-manajemen-kepegawaian\vendor\pestphp\pest\src\Factories\TestCaseFactory.php(169) : eval()'d code(62): P\Tests\Feature\OvertimeRequestTest->__runTest(Object(Closure))
#81 C:\laragon\www\sistem-manajemen-kepegawaian\vendor\phpunit\phpunit\src\Framework\TestCase.php(1332): P\Tests\Feature\OvertimeRequestTest->__pest_evaluable_manager_can_create_overtime_for_another_employee()
#82 C:\laragon\www\sistem-manajemen-kepegawaian\vendor\phpunit\phpunit\src\Framework\TestCase.php(519): PHPUnit\Framework\TestCase->runTest()
#83 C:\laragon\www\sistem-manajemen-kepegawaian\vendor\phpunit\phpunit\src\Framework\TestRunner\TestRunner.php(99): PHPUnit\Framework\TestCase->runBare()
#84 C:\laragon\www\sistem-manajemen-kepegawaian\vendor\phpunit\phpunit\src\Framework\TestCase.php(359): PHPUnit\Framework\TestRunner->run(Object(P\Tests\Feature\OvertimeRequestTest))
#85 C:\laragon\www\sistem-manajemen-kepegawaian\vendor\phpunit\phpunit\src\Framework\TestSuite.php(374): PHPUnit\Framework\TestCase->run()
#86 C:\laragon\www\sistem-manajemen-kepegawaian\vendor\phpunit\phpunit\src\Framework\TestSuite.php(374): PHPUnit\Framework\TestSuite->run()
#87 C:\laragon\www\sistem-manajemen-kepegawaian\vendor\phpunit\phpunit\src\Framework\TestSuite.php(374): PHPUnit\Framework\TestSuite->run()
#88 C:\laragon\www\sistem-manajemen-kepegawaian\vendor\phpunit\phpunit\src\TextUI\TestRunner.php(64): PHPUnit\Framework\TestSuite->run()
#89 C:\laragon\www\sistem-manajemen-kepegawaian\vendor\phpunit\phpunit\src\TextUI\Application.php(229): PHPUnit\TextUI\TestRunner->run(Object(PHPUnit\TextUI\Configuration\Configuration), Object(PHPUnit\Runner\ResultCache\DefaultResultCache), Object(PHPUnit\Framework\TestSuite))
#90 C:\laragon\www\sistem-manajemen-kepegawaian\vendor\pestphp\pest\src\Kernel.php(103): PHPUnit\TextUI\Application->run(Array)
#91 C:\laragon\www\sistem-manajemen-kepegawaian\vendor\pestphp\pest\bin\pest(184): Pest\Kernel->handle(Array, Array)
#92 C:\laragon\www\sistem-manajemen-kepegawaian\vendor\pestphp\pest\bin\pest(192): {closure}()
#93 {main}

----------------------------------------------------------------------------------

There is no role named `super-admin` for guard `web`.

  at tests\Feature\OvertimeRequestTest.php:138
    134Γûò         'end_time' => '20:00',
    135Γûò         'description' => 'Assigned bug fix',
    136Γûò     ]);
    137Γûò 
  Γ₧£ 138Γûò     $response->assertRedirect(route('overtime-requests.index'));
    139Γûò     $this->assertDatabaseHas('overtime_requests', [
    140Γûò         'employee_id' => $this->employee->id,
    141Γûò         'description' => 'Assigned bug fix',
    142Γûò     ]);


  Tests:    2 failed, 10 passed (17 assertions)
  Duration: 4.51s

